mode: set
study/basic/test/basic.go:5.37,7.2 1 1
study/basic/test/basic.go:9.38,11.2 1 0
